
  .   ____          _            __ _ _
 /\\ / ___'_ __ _ _(_)_ __  __ _ \ \ \ \
( ( )\___ | '_ | '_| | '_ \/ _` | \ \ \ \
 \\/  ___)| |_)| | | | | || (_| |  ) ) ) )
  '  |____| .__|_| |_|_| |_\__, | / / / /
 =========|_|==============|___/=/_/_/_/

 :: Spring Boot ::                (v3.4.3)

2026-09-23T18:19:33.643+08:00  INFO 8752 --- [appointment-api] [           main] c.h.appointment.AppointmentApplication   : Starting AppointmentApplication v0.0.1-SNAPSHOT using Java 21.0.6 with PID 8752 (D:\healthy\backend\healthy-server\target\healthy-server-0.0.1-SNAPSHOT.jar started by 99796 in D:\healthy\backend)
2026-09-23T18:19:33.648+08:00  INFO 8752 --- [appointment-api] [           main] c.h.appointment.AppointmentApplication   : The following 1 profile is active: "local"
2026-09-23T18:19:34.756+08:00  INFO 8752 --- [appointment-api] [           main] .s.d.r.c.RepositoryConfigurationDelegate : Multiple Spring Data modules found, entering strict repository configuration mode
2026-09-23T18:19:34.760+08:00  INFO 8752 --- [appointment-api] [           main] .s.d.r.c.RepositoryConfigurationDelegate : Bootstrapping Spring Data Redis repositories in DEFAULT mode.
2026-09-23T18:19:34.795+08:00  INFO 8752 --- [appointment-api] [           main] .s.d.r.c.RepositoryConfigurationDelegate : Finished Spring Data repository scanning in 17 ms. Found 0 Redis repository interfaces.
2026-09-23T18:19:35.672+08:00  INFO 8752 --- [appointment-api] [           main] o.s.b.w.embedded.tomcat.TomcatWebServer  : Tomcat initialized with port 8080 (http)
2026-09-23T18:19:35.700+08:00  INFO 8752 --- [appointment-api] [           main] o.apache.catalina.core.StandardService   : Starting service [Tomcat]
2026-09-23T18:19:35.701+08:00  INFO 8752 --- [appointment-api] [           main] o.apache.catalina.core.StandardEngine    : Starting Servlet engine: [Apache Tomcat/10.1.36]
2026-09-23T18:19:35.752+08:00  INFO 8752 --- [appointment-api] [           main] o.a.c.c.C.[Tomcat].[localhost].[/api]    : Initializing Spring embedded WebApplicationContext
2026-09-23T18:19:35.753+08:00  INFO 8752 --- [appointment-api] [           main] w.s.c.ServletWebServerApplicationContext : Root WebApplicationContext: initialization completed in 2033 ms
 _ _   |_  _ _|_. ___ _ |    _ 
| | |\/|_)(_| | |_\  |_)||_|_\ 
     /               |         
                        3.5.11 
2026-09-23T18:19:37.664+08:00  INFO 8752 --- [appointment-api] [           main] com.zaxxer.hikari.HikariDataSource       : HikariPool-1 - Starting...
2026-09-23T18:19:38.282+08:00  INFO 8752 --- [appointment-api] [           main] com.zaxxer.hikari.pool.HikariPool        : HikariPool-1 - Added connection com.mysql.cj.jdbc.ConnectionImpl@75c33608
2026-09-23T18:19:38.287+08:00  INFO 8752 --- [appointment-api] [           main] com.zaxxer.hikari.HikariDataSource       : HikariPool-1 - Start completed.
2026-09-23T18:19:38.413+08:00  INFO 8752 --- [appointment-api] [           main] org.flywaydb.core.FlywayExecutor         : Database: jdbc:mysql://localhost:3306/healthy?useUnicode=true&characterEncoding=utf8&serverTimezone=Asia/Shanghai (MySQL 8.0)
2026-09-23T18:19:38.596+08:00  INFO 8752 --- [appointment-api] [           main] o.f.core.internal.command.DbValidate     : Successfully validated 11 migrations (execution time 00:00.097s)
2026-09-23T18:19:38.627+08:00  INFO 8752 --- [appointment-api] [           main] o.f.core.internal.command.DbMigrate      : Current version of schema `healthy`: 9
2026-09-23T18:19:38.635+08:00  INFO 8752 --- [appointment-api] [           main] o.f.core.internal.command.DbMigrate      : Schema `healthy` is up to date. No migration necessary.
2026-09-23T18:19:40.755+08:00  INFO 8752 --- [appointment-api] [           main] o.s.b.w.embedded.tomcat.TomcatWebServer  : Tomcat started on port 8080 (http) with context path '/api'
2026-09-23T18:19:40.759+08:00  INFO 8752 --- [appointment-api] [           main] o.s.a.r.c.CachingConnectionFactory       : Attempting to connect to: [localhost:5672]
2026-09-23T18:19:40.812+08:00  INFO 8752 --- [appointment-api] [           main] o.s.a.r.c.CachingConnectionFactory       : Created new connection: rabbitConnectionFactory#675230cd:0/SimpleConnection@78c23ade [delegate=amqp://guest@127.0.0.1:5672/, localPort=63088]
2026-09-23T18:19:40.990+08:00  INFO 8752 --- [appointment-api] [           main] c.h.appointment.AppointmentApplication   : Started AppointmentApplication in 7.978 seconds (process running for 8.632)
2026-09-23T18:19:44.765+08:00  INFO 8752 --- [appointment-api] [nio-8080-exec-1] o.a.c.c.C.[Tomcat].[localhost].[/api]    : Initializing Spring DispatcherServlet 'dispatcherServlet'
2026-09-23T18:19:44.766+08:00  INFO 8752 --- [appointment-api] [nio-8080-exec-1] o.s.web.servlet.DispatcherServlet        : Initializing Servlet 'dispatcherServlet'
2026-09-23T18:19:44.768+08:00  INFO 8752 --- [appointment-api] [nio-8080-exec-1] o.s.web.servlet.DispatcherServlet        : Completed initialization in 1 ms
